Testing if ConfigurationPage renders correctly...
